# Import the function we need to test using the requested method
>>> say_my_name = __import__('3-say_my_name').say_my_name

# Test 1: Provide both first name and last name
>>> say_my_name("John", "Doe")
My name is John Doe

# Test 2: Provide only the first name, expect default empty last name
>>> say_my_name("John")
My name is John

# Test 3: Pass an incorrect type for the first name, expect a TypeError
>>> say_my_name(123, "Doe")
Traceback (most recent call last):
...
TypeError: first_name must be a string

# Test 4: Pass an incorrect type for the last name, expect a TypeError
>>> say_my_name("John", 123)
Traceback (most recent call last):
...
TypeError: last_name must be a string

# Test 5: Do not pass any argument, expect a TypeError (for missing first name)
>>> say_my_name()
Traceback (most recent call last):
...
TypeError: say_my_name() missing 1 required positional argument: 'first_name'

# Test 6: Pass an empty string for first name and last name, expect output with empty names
>>> say_my_name("", "")
My name is
